// Jest Snapshot v1, https://goo.gl/fbAQLP

exports[`renders Quiz component correctly 1`] = `
<DocumentFragment>
  .c1 {
  margin-bottom: 20px;
  animation: fadeIn 1s ease-in;
}

.c2 {
  padding: 10px;
  font-size: 16px;
  border-radius: 4px;
  border: 1px solid #ccc;
}

.c3 {
  margin-bottom: 20px;
  animation: fadeIn 1s ease-in;
}

.c4 {
  padding: 10px;
  font-size: 16px;
  border-radius: 4px;
  border: 1px solid #ccc;
}

.c0 {
  display: flex;
  flex-direction: column;
  align-items: center;
  background: #fff;
  padding: 20px;
  border-radius: 8px;
  box-shadow: 0 0 10px rgba(0, 0, 0, 0.1);
  animation: fadeIn 1s ease-in;
}

.c5 {
  background-color: #4CAF50;
  color: white;
  padding: 15px 32px;
  font-size: 16px;
  border: none;
  border-radius: 4px;
  cursor: pointer;
}

<div
    class="c0"
  >
    <div
      class="c1"
    >
      <h3>
        Select Category:
      </h3>
      <select
        class="c2"
      >
        <option
          value="9"
        >
          General Knowledge
        </option>
        <option
          value="10"
        >
          Entertainment: Books
        </option>
      </select>
    </div>
    <div
      class="c3"
    >
      <h3>
        Select Difficulty:
      </h3>
      <select
        class="c4"
      >
        <option
          value="easy"
        >
          easy
        </option>
        <option
          value="medium"
        >
          medium
        </option>
        <option
          value="hard"
        >
          hard
        </option>
      </select>
    </div>
    <button
      class="c5"
    >
      Start Quiz
    </button>
    <div
      class="Toastify"
    />
  </div>
</DocumentFragment>
`;
